// Vitest Snapshot v1, https://vitest.dev/guide/snapshot.html

exports[`permukaan keamanan > fungsi SECURITY DEFINER milik lp_ 1`] = `
[
  {
    "args": "",
    "name": "lp_can_sell",
  },
  {
    "args": "",
    "name": "lp_get_my_profile_role",
  },
  {
    "args": "",
    "name": "lp_handle_new_user",
  },
  {
    "args": "p_slug text",
    "name": "lp_increment_view",
  },
  {
    "args": "p_site_id uuid",
    "name": "lp_manages_site",
  },
  {
    "args": "",
    "name": "lp_sync_like_count",
  },
  {
    "args": "",
    "name": "lp_sync_product_stock",
  },
  {
    "args": "p_session_id text, p_visitor_id text, p_user_id uuid, p_ip text, p_country text, p_region text, p_city text, p_isp text, p_referrer text, p_referrer_host text, p_landing_path text, p_entry_product_id uuid, p_utm_source text, p_utm_medium text, p_utm_campaign text, p_utm_term text, p_utm_content text, p_device text, p_browser text, p_os text, p_dwell_ms bigint, p_site_id uuid",
    "name": "lp_track_session",
  },
  {
    "args": "",
    "name": "lp_update_landing_page_rating",
  },
  {
    "args": "",
    "name": "lp_update_landing_page_sold_count",
  },
]
`;

exports[`permukaan keamanan > grant tulis per kolom untuk authenticated (tabel yang tidak full-grant) 1`] = `
[
  {
    "columns": "available_at,bundle_note,bundle_product_ids,category_id,created_at,cta_action,cta_label,cta_note,cta_reveal,event_description,event_end,event_location,event_start,event_title,featured,fulfillment_note,html_content,is_free,long_description,next_product_id,preview_cut_percent,preview_label,preview_purged_at,preview_type,preview_url,preview_url_dark,price,price_discount,product_type,published,purchase_link,purchase_type,related_product_ids,service_duration_minutes,service_mode,sku,slug,stock,story_epub_url,story_pdf_url,story_pdf_url_dark,thumbnail_extra_urls,thumbnail_landscape_url,thumbnail_url,title,unit,updated_at,user_id,zip_url",
    "privilege_type": "INSERT",
    "table_name": "lp_landing_pages",
  },
  {
    "columns": "available_at,bundle_note,bundle_product_ids,category_id,created_at,cta_action,cta_label,cta_note,cta_reveal,event_description,event_end,event_location,event_start,event_title,featured,fulfillment_note,html_content,is_free,long_description,next_product_id,preview_cut_percent,preview_label,preview_purged_at,preview_type,preview_url,preview_url_dark,price,price_discount,product_type,published,purchase_link,purchase_type,related_product_ids,service_duration_minutes,service_mode,sku,slug,stock,story_epub_url,story_pdf_url,story_pdf_url_dark,thumbnail_extra_urls,thumbnail_landscape_url,thumbnail_url,title,unit,updated_at,user_id,zip_url",
    "privilege_type": "UPDATE",
    "table_name": "lp_landing_pages",
  },
  {
    "columns": "full_name,id",
    "privilege_type": "INSERT",
    "table_name": "lp_profiles",
  },
  {
    "columns": "avatar_url,full_name",
    "privilege_type": "UPDATE",
    "table_name": "lp_profiles",
  },
]
`;

exports[`permukaan keamanan > setiap policy di tabel lp_ 1`] = `
[
  {
    "check": "",
    "cmd": "SELECT",
    "policyname": "Public reads live blog comments",
    "roles": "anon,authenticated",
    "tablename": "lp_blog_comments",
    "using": "(status = 'live'::text)",
  },
  {
    "check": "true",
    "cmd": "ALL",
    "policyname": "Service role manages lp_blog_comments",
    "roles": "service_role",
    "tablename": "lp_blog_comments",
    "using": "true",
  },
  {
    "check": "",
    "cmd": "SELECT",
    "policyname": "Public reads blog labels",
    "roles": "anon,authenticated",
    "tablename": "lp_blog_labels",
    "using": "true",
  },
  {
    "check": "true",
    "cmd": "ALL",
    "policyname": "Service role manages lp_blog_labels",
    "roles": "service_role",
    "tablename": "lp_blog_labels",
    "using": "true",
  },
  {
    "check": "",
    "cmd": "SELECT",
    "policyname": "Public reads blog post labels",
    "roles": "anon,authenticated",
    "tablename": "lp_blog_post_labels",
    "using": "true",
  },
  {
    "check": "true",
    "cmd": "ALL",
    "policyname": "Service role manages lp_blog_post_labels",
    "roles": "service_role",
    "tablename": "lp_blog_post_labels",
    "using": "true",
  },
  {
    "check": "",
    "cmd": "SELECT",
    "policyname": "Public reads published blog posts",
    "roles": "anon,authenticated",
    "tablename": "lp_blog_posts",
    "using": "published",
  },
  {
    "check": "true",
    "cmd": "ALL",
    "policyname": "Service role manages lp_blog_posts",
    "roles": "service_role",
    "tablename": "lp_blog_posts",
    "using": "true",
  },
  {
    "check": "true",
    "cmd": "ALL",
    "policyname": "Service role manages lp_business_ledger",
    "roles": "service_role",
    "tablename": "lp_business_ledger",
    "using": "true",
  },
  {
    "check": "true",
    "cmd": "ALL",
    "policyname": "Service role manages lp_business_members",
    "roles": "service_role",
    "tablename": "lp_business_members",
    "using": "true",
  },
  {
    "check": "true",
    "cmd": "ALL",
    "policyname": "Service role manages lp_business_payouts",
    "roles": "service_role",
    "tablename": "lp_business_payouts",
    "using": "true",
  },
  {
    "check": "true",
    "cmd": "ALL",
    "policyname": "Service role manages lp_businesses",
    "roles": "service_role",
    "tablename": "lp_businesses",
    "using": "true",
  },
  {
    "check": "((auth.uid() = user_id) AND (EXISTS ( SELECT 1
   FROM lp_chat_messages m
  WHERE ((m.id = lp_chat_attachments.message_id) AND (m.user_id = auth.uid())))))",
    "cmd": "INSERT",
    "policyname": "Users create own chat attachments",
    "roles": "public",
    "tablename": "lp_chat_attachments",
    "using": "",
  },
  {
    "check": "",
    "cmd": "DELETE",
    "policyname": "Users delete own chat attachments",
    "roles": "public",
    "tablename": "lp_chat_attachments",
    "using": "(auth.uid() = user_id)",
  },
  {
    "check": "",
    "cmd": "SELECT",
    "policyname": "Users read own chat attachments",
    "roles": "public",
    "tablename": "lp_chat_attachments",
    "using": "(auth.uid() = user_id)",
  },
  {
    "check": "((auth.uid() = user_id) AND ((session_id IS NULL) OR (EXISTS ( SELECT 1
   FROM lp_chat_sessions s
  WHERE ((s.id = lp_chat_memories.session_id) AND (s.user_id = auth.uid()))))))",
    "cmd": "INSERT",
    "policyname": "Users create own chat memories",
    "roles": "public",
    "tablename": "lp_chat_memories",
    "using": "",
  },
  {
    "check": "",
    "cmd": "DELETE",
    "policyname": "Users delete own chat memories",
    "roles": "public",
    "tablename": "lp_chat_memories",
    "using": "(auth.uid() = user_id)",
  },
  {
    "check": "",
    "cmd": "SELECT",
    "policyname": "Users read own chat memories",
    "roles": "public",
    "tablename": "lp_chat_memories",
    "using": "(auth.uid() = user_id)",
  },
  {
    "check": "((auth.uid() = user_id) AND ((session_id IS NULL) OR (EXISTS ( SELECT 1
   FROM lp_chat_sessions s
  WHERE ((s.id = lp_chat_memories.session_id) AND (s.user_id = auth.uid()))))))",
    "cmd": "UPDATE",
    "policyname": "Users update own chat memories",
    "roles": "public",
    "tablename": "lp_chat_memories",
    "using": "(auth.uid() = user_id)",
  },
  {
    "check": "((auth.uid() = user_id) AND (EXISTS ( SELECT 1
   FROM lp_chat_sessions s
  WHERE ((s.id = lp_chat_messages.session_id) AND (s.user_id = auth.uid())))))",
    "cmd": "INSERT",
    "policyname": "Users create own chat messages",
    "roles": "public",
    "tablename": "lp_chat_messages",
    "using": "",
  },
  {
    "check": "",
    "cmd": "DELETE",
    "policyname": "Users delete own chat messages",
    "roles": "public",
    "tablename": "lp_chat_messages",
    "using": "(auth.uid() = user_id)",
  },
  {
    "check": "",
    "cmd": "SELECT",
    "policyname": "Users read own chat messages",
    "roles": "public",
    "tablename": "lp_chat_messages",
    "using": "(auth.uid() = user_id)",
  },
  {
    "check": "",
    "cmd": "SELECT",
    "policyname": "Users read own chat prefs",
    "roles": "public",
    "tablename": "lp_chat_prefs",
    "using": "(auth.uid() = user_id)",
  },
  {
    "check": "",
    "cmd": "UPDATE",
    "policyname": "Users update own chat prefs",
    "roles": "public",
    "tablename": "lp_chat_prefs",
    "using": "(auth.uid() = user_id)",
  },
  {
    "check": "(auth.uid() = user_id)",
    "cmd": "INSERT",
    "policyname": "Users write own chat prefs",
    "roles": "public",
    "tablename": "lp_chat_prefs",
    "using": "",
  },
  {
    "check": "(auth.uid() = user_id)",
    "cmd": "INSERT",
    "policyname": "Users create own chat sessions",
    "roles": "public",
    "tablename": "lp_chat_sessions",
    "using": "",
  },
  {
    "check": "",
    "cmd": "DELETE",
    "policyname": "Users delete own chat sessions",
    "roles": "public",
    "tablename": "lp_chat_sessions",
    "using": "(auth.uid() = user_id)",
  },
  {
    "check": "",
    "cmd": "SELECT",
    "policyname": "Users read own chat sessions",
    "roles": "public",
    "tablename": "lp_chat_sessions",
    "using": "(auth.uid() = user_id)",
  },
  {
    "check": "",
    "cmd": "UPDATE",
    "policyname": "Users update own chat sessions",
    "roles": "public",
    "tablename": "lp_chat_sessions",
    "using": "(auth.uid() = user_id)",
  },
  {
    "check": "true",
    "cmd": "INSERT",
    "policyname": "contacts_insert",
    "roles": "anon,authenticated",
    "tablename": "lp_contacts",
    "using": "",
  },
  {
    "check": "",
    "cmd": "SELECT",
    "policyname": "contacts_select_admin",
    "roles": "authenticated",
    "tablename": "lp_contacts",
    "using": "(lp_get_my_profile_role() = 'company'::text)",
  },
  {
    "check": "",
    "cmd": "DELETE",
    "policyname": "Admin can delete categories",
    "roles": "public",
    "tablename": "lp_landing_page_categories",
    "using": "(lp_get_my_profile_role() = 'company'::text)",
  },
  {
    "check": "(lp_get_my_profile_role() = 'company'::text)",
    "cmd": "INSERT",
    "policyname": "Admin can insert categories",
    "roles": "public",
    "tablename": "lp_landing_page_categories",
    "using": "",
  },
  {
    "check": "",
    "cmd": "UPDATE",
    "policyname": "Admin can update categories",
    "roles": "public",
    "tablename": "lp_landing_page_categories",
    "using": "(lp_get_my_profile_role() = 'company'::text)",
  },
  {
    "check": "",
    "cmd": "SELECT",
    "policyname": "Public can read categories",
    "roles": "public",
    "tablename": "lp_landing_page_categories",
    "using": "true",
  },
  {
    "check": "",
    "cmd": "ALL",
    "policyname": "Users can manage own landing page versions",
    "roles": "public",
    "tablename": "lp_landing_page_versions",
    "using": "(EXISTS ( SELECT 1
   FROM lp_landing_pages lp
  WHERE ((lp.id = lp_landing_page_versions.landing_page_id) AND (lp.user_id = auth.uid()))))",
  },
  {
    "check": "",
    "cmd": "DELETE",
    "policyname": "Owners delete own landing pages",
    "roles": "public",
    "tablename": "lp_landing_pages",
    "using": "(auth.uid() = user_id)",
  },
  {
    "check": "(auth.uid() = user_id)",
    "cmd": "UPDATE",
    "policyname": "Owners update own landing pages",
    "roles": "public",
    "tablename": "lp_landing_pages",
    "using": "(auth.uid() = user_id)",
  },
  {
    "check": "",
    "cmd": "SELECT",
    "policyname": "Public can read landing pages",
    "roles": "public",
    "tablename": "lp_landing_pages",
    "using": "true",
  },
  {
    "check": "((auth.uid() = user_id) AND lp_can_sell())",
    "cmd": "INSERT",
    "policyname": "Sellers insert own landing pages",
    "roles": "public",
    "tablename": "lp_landing_pages",
    "using": "",
  },
  {
    "check": "",
    "cmd": "SELECT",
    "policyname": "Public can read published pages",
    "roles": "public",
    "tablename": "lp_pages",
    "using": "(published = true)",
  },
  {
    "check": "true",
    "cmd": "ALL",
    "policyname": "Service role manages lp_pending_shipping",
    "roles": "service_role",
    "tablename": "lp_pending_shipping",
    "using": "true",
  },
  {
    "check": "(auth.uid() = user_id)",
    "cmd": "ALL",
    "policyname": "Users manage their own pending shipping",
    "roles": "authenticated",
    "tablename": "lp_pending_shipping",
    "using": "(auth.uid() = user_id)",
  },
  {
    "check": "",
    "cmd": "SELECT",
    "policyname": "Admin reads all plan orders",
    "roles": "public",
    "tablename": "lp_plan_orders",
    "using": "(lp_get_my_profile_role() = 'company'::text)",
  },
  {
    "check": "",
    "cmd": "SELECT",
    "policyname": "Users read own plan orders",
    "roles": "public",
    "tablename": "lp_plan_orders",
    "using": "(auth.uid() = user_id)",
  },
  {
    "check": "",
    "cmd": "SELECT",
    "policyname": "owner reads product events",
    "roles": "public",
    "tablename": "lp_product_events",
    "using": "(EXISTS ( SELECT 1
   FROM lp_landing_pages p
  WHERE ((p.id = lp_product_events.landing_page_id) AND (p.user_id = auth.uid()))))",
  },
  {
    "check": "",
    "cmd": "DELETE",
    "policyname": "delete own likes",
    "roles": "public",
    "tablename": "lp_product_likes",
    "using": "(auth.uid() = user_id)",
  },
  {
    "check": "(auth.uid() = user_id)",
    "cmd": "INSERT",
    "policyname": "insert own likes",
    "roles": "public",
    "tablename": "lp_product_likes",
    "using": "",
  },
  {
    "check": "",
    "cmd": "SELECT",
    "policyname": "read own likes",
    "roles": "public",
    "tablename": "lp_product_likes",
    "using": "(auth.uid() = user_id)",
  },
  {
    "check": "(auth.uid() = id)",
    "cmd": "INSERT",
    "policyname": "Enable insert for authenticated users",
    "roles": "public",
    "tablename": "lp_profiles",
    "using": "",
  },
  {
    "check": "",
    "cmd": "SELECT",
    "policyname": "Platform reads non-platform profiles",
    "roles": "public",
    "tablename": "lp_profiles",
    "using": "((lp_get_my_profile_role() = 'company'::text) AND (NOT is_platform))",
  },
  {
    "check": "",
    "cmd": "SELECT",
    "policyname": "Users can read own profile",
    "roles": "public",
    "tablename": "lp_profiles",
    "using": "(auth.uid() = id)",
  },
  {
    "check": "",
    "cmd": "UPDATE",
    "policyname": "Users can update own profile",
    "roles": "public",
    "tablename": "lp_profiles",
    "using": "(auth.uid() = id)",
  },
  {
    "check": "",
    "cmd": "SELECT",
    "policyname": "Users can read own purchases",
    "roles": "public",
    "tablename": "lp_purchases",
    "using": "((auth.uid() = user_id) AND (revoked_at IS NULL))",
  },
  {
    "check": "((auth.uid() = user_id) AND (COALESCE(amount, 0) = 0) AND (EXISTS ( SELECT 1
   FROM lp_landing_pages p
  WHERE ((p.id = lp_purchases.landing_page_id) AND (p.is_free OR ((COALESCE(p.price_discount, (0)::numeric) <= (0)::numeric) AND (COALESCE(p.price, (0)::numeric) <= (0)::numeric)))))))",
    "cmd": "INSERT",
    "policyname": "Users claim free products for themselves",
    "roles": "public",
    "tablename": "lp_purchases",
    "using": "",
  },
  {
    "check": "((auth.uid() = user_id) AND (EXISTS ( SELECT 1
   FROM lp_purchases pu
  WHERE ((pu.user_id = auth.uid()) AND (pu.landing_page_id = lp_reviews.landing_page_id) AND (pu.revoked_at IS NULL)))))",
    "cmd": "INSERT",
    "policyname": "Buyers insert own reviews",
    "roles": "public",
    "tablename": "lp_reviews",
    "using": "",
  },
  {
    "check": "",
    "cmd": "SELECT",
    "policyname": "Users can read all reviews",
    "roles": "public",
    "tablename": "lp_reviews",
    "using": "true",
  },
  {
    "check": "",
    "cmd": "UPDATE",
    "policyname": "Users can update own reviews",
    "roles": "public",
    "tablename": "lp_reviews",
    "using": "(auth.uid() = user_id)",
  },
  {
    "check": "",
    "cmd": "SELECT",
    "policyname": "Members read own memberships",
    "roles": "public",
    "tablename": "lp_site_members",
    "using": "(auth.uid() = user_id)",
  },
  {
    "check": "",
    "cmd": "SELECT",
    "policyname": "Public can read site_settings",
    "roles": "public",
    "tablename": "lp_site_settings",
    "using": "true",
  },
  {
    "check": "lp_manages_site(site_id)",
    "cmd": "INSERT",
    "policyname": "Site managers insert site_settings",
    "roles": "public",
    "tablename": "lp_site_settings",
    "using": "",
  },
  {
    "check": "lp_manages_site(site_id)",
    "cmd": "UPDATE",
    "policyname": "Site managers update site_settings",
    "roles": "public",
    "tablename": "lp_site_settings",
    "using": "lp_manages_site(site_id)",
  },
  {
    "check": "",
    "cmd": "DELETE",
    "policyname": "Admin can delete lp_sites",
    "roles": "public",
    "tablename": "lp_sites",
    "using": "(lp_get_my_profile_role() = 'company'::text)",
  },
  {
    "check": "(lp_get_my_profile_role() = 'company'::text)",
    "cmd": "INSERT",
    "policyname": "Admin can insert lp_sites",
    "roles": "public",
    "tablename": "lp_sites",
    "using": "",
  },
  {
    "check": "",
    "cmd": "UPDATE",
    "policyname": "Admin can update lp_sites",
    "roles": "public",
    "tablename": "lp_sites",
    "using": "(lp_get_my_profile_role() = 'company'::text)",
  },
  {
    "check": "",
    "cmd": "SELECT",
    "policyname": "Public can read lp_sites",
    "roles": "public",
    "tablename": "lp_sites",
    "using": "true",
  },
]
`;
